// Jest Snapshot v1, https://goo.gl/fbAQLP

exports[`should render a H1 1`] = `
<h1
  className="sc-bdVaJa jQlCVT"
>
  Hello Jest!
</h1>
`;
